<html>
<body>
<pre>
<h1>µVision Build Log</h1>
<h2>Tool Versions:</h2>
IDE-Version: µVision V5.39.0.0
Copyright (C) 2023 ARM Ltd and ARM Germany GmbH. All rights reserved.
License Information: user user, None, LIC=MGXG8-37QUY-AWQ2F-6QZG1-D2AWG-ADL7Y
 
Tool Versions:
Toolchain:       MDK-ARM Professional  Version: 5.39.0.0
Toolchain Path:  C:\Keil_v5\ARM\ARMCLANG\Bin
C Compiler:      ArmClang.exe V6.21
Assembler:       Armasm.exe V6.21
Linker/Locator:  ArmLink.exe V6.21
Library Manager: ArmAr.exe V6.21
Hex Converter:   FromElf.exe V6.21
CPU DLL:         SARMCM3.DLL V5.39.0.0
Dialog DLL:      DCM.DLL V1.17.5.0
Target DLL:      STLink\ST-LINKIII-KEIL_SWO.dll V3.2.0.0
Dialog DLL:      TCM.DLL V1.56.4.0
 
<h2>Project:</h2>
C:\Users\Tris\Documents\Testopenrtx\A36Plus_f401\OpenRTX\STM32F4\MDK-ARM\STM32F4.uvprojx
Project File Date:  12/29/2024

<h2>Output:</h2>
*** Using Compiler 'V6.21', folder: 'C:\Keil_v5\ARM\ARMCLANG\Bin'
Rebuild target 'STM32F4'
assembling startup_stm32f401xe.s...
compiling ui_strings.c...
compiling main.c...
compiling openrtxfunctions.c...
compiling utils.c...
compiling state.c...
compiling stm32f4xx_hal_msp.c...
compiling ui_main.c...
compiling stm32f4xx_it.c...
compiling cps.c...
compiling ui_menu.c...
compiling rtx.cpp...
compiling ST7735S_a36plus.c...
../../openrtx/src/ui/default/ui.c(2736): warning: passing arguments to '_ui_drawMainBottom' without a prototype is deprecated in all versions of C and is not supported in C23 [-Wdeprecated-non-prototype]
 2736 |                 _ui_drawMainBottom(&ui_state);
      |                                   ^
../../openrtx/src/ui/default/ui.c(2753): warning: passing arguments to '_ui_drawMainBottom' without a prototype is deprecated in all versions of C and is not supported in C23 [-Wdeprecated-non-prototype]
 2753 |                 _ui_drawMainBottom(&ui_state);
      |                                   ^
../../openrtx/src/ui/default/ui.c(2807): warning: passing arguments to '_ui_drawMenuAbout' without a prototype is deprecated in all versions of C and is not supported in C23 [-Wdeprecated-non-prototype]
 2807 |             _ui_drawMenuAbout(&ui_state);
      |                              ^
3 warnings generated.
compiling ui.c...
compiling battery.c...
compiling crc.c...
compiling platform.c...
compiling OpMode_FM.cpp...
compiling input.c...
compiling gpio.c...
compiling keyboard_a36plus.c...
compiling openrtx.c...
compiling cps_io_native_A36plus.c...
compiling threads.c...
compiling nvmem_A36Plus.c...
compiling stm32f4xx_ll_gpio.c...
compiling stm32f4xx_ll_spi.c...
compiling stm32f4xx_ll_dma.c...
compiling graphics.c...
compiling spiFlash_A36plus.c...
compiling stm32f4xx_ll_exti.c...
compiling stm32f4xx_ll_rcc.c...
compiling stm32f4xx_ll_utils.c...
compiling W25Qx.c...
compiling stm32f4xx_hal_rcc_ex.c...
compiling stm32f4xx_hal_rcc.c...
compiling stm32f4xx_hal_flash.c...
compiling stm32f4xx_hal_flash_ramfunc.c...
compiling stm32f4xx_hal_flash_ex.c...
compiling stm32f4xx_hal_dma_ex.c...
compiling stm32f4xx_hal_gpio.c...
compiling stm32f4xx_hal_pwr_ex.c...
compiling stm32f4xx_hal_dma.c...
compiling stm32f4xx_hal_pwr.c...
compiling stm32f4xx_hal_cortex.c...
compiling stm32f4xx_hal.c...
compiling stm32f4xx_hal_tim.c...
compiling stm32f4xx_hal_exti.c...
compiling stm32f4xx_hal_tim_ex.c...
compiling system_stm32f4xx.c...
compiling stm32f4xx_ll_adc.c...
compiling stm32f4xx_hal_uart.c...
compiling radio_A36Plus.cpp...
linking...
Program Size: Code=15148 RO-data=15792 RW-data=12 ZI-data=10148  
FromELF: creating hex file...
"STM32F4\STM32F4.axf" - 0 Error(s), 3 Warning(s).

<h2>Software Packages used:</h2>

Package Vendor: ARM
                https://www.keil.com/pack/ARM.CMSIS.6.1.0.pack
                ARM::CMSIS@6.1.0
                CMSIS (Common Microcontroller Software Interface Standard)
   * Component: CORE Version: 6.1.0

Package Vendor: Keil
                https://www.keil.com/pack/Keil.STM32F4xx_DFP.3.0.0.pack
                Keil::STM32F4xx_DFP@3.0.0
                STMicroelectronics STM32F4 Series Device Support

<h2>Collection of Component include folders:</h2>
  ./RTE/_STM32F4
  C:/Users/Tris/AppData/Local/Arm/Packs/ARM/CMSIS/6.1.0/CMSIS/Core/Include

<h2>Collection of Component Files used:</h2>

   * Component: ARM::CMSIS:CORE@6.1.0
      Include file:  CMSIS/Core/Include/tz_context.h
Build Time Elapsed:  00:00:04
</pre>
</body>
</html>
